qplc [qplc] version 1.8.1.44		[08/05/2006 16:30:55]	lib: ??? 
qplc [ld480] version 2.2.0.1		[14/07/1997 17:22:21]
qplc [PLC] version 1.0.0.0
